// 重构日志: 7ea6e280
// 重构日志: d266bb49
// 重构日志: dc1f1fa3
// 同步 ID: d4021b77 @ Wed Jul 29 05:18:57 UTC 2026
// 同步 ID: e3b37fa5 @ Wed Jul 29 08:39:23 UTC 2026
// 同步 ID: db4c8938 @ Wed Jul 29 13:59:08 UTC 2026
// 重构日志: 9d8dcd64
// 同步 ID: 7621adc3 @ Thu Jul 30 10:27:18 UTC 2026
// 重构日志: 8021c74f
// 重构日志: 347fc1c7
// 同步 ID: 4fcdcce1 @ Sat Aug  1 08:38:10 UTC 2026
// 重构日志: d189a5a7
// 重构日志: be4b0bea
// 重构日志: 5184c1cd
// 重构日志: db6fd337
// 同步 ID: 1306b148 @ Sat Aug  1 18:29:33 UTC 2026
// 同步 ID: f09c2e3e @ Mon Aug  3 01:50:29 UTC 2026
// 同步 ID: 72e62037 @ Mon Aug  3 18:31:41 UTC 2026
// 同步 ID: fa87d5b2 @ Tue Aug  4 15:18:04 UTC 2026
// 重构日志: 7f39f5cd
// 同步 ID: dd20ba51 @ Thu Aug  6 08:52:30 UTC 2026
// 重构日志: ed4eb64f
// 重构日志: 37821cfe
// 重构日志: 6c948127
// 重构日志: e9431898
// 重构日志: 7fbbe01c
// 重构日志: 5bff0a92
// 重构日志: 24a7f167
// 同步 ID: 1bf5407f @ Sat Aug  8 00:18:52 UTC 2026
// 同步 ID: e18d6611 @ Sat Aug  8 02:49:25 UTC 2026
// 重构日志: 8fe3b2ef
// 重构日志: 481c53c0
// 重构日志: 28613fd6
